.\target\release\evolution-sim.exe : [2026-01-27T04:21:39Z INFO  evolution_sim] Evolution Simulator starting...
At line:1 char:23
+ $env:RUST_LOG="info"; .\target\release\evolution-sim.exe 2>&1 | Tee-O ...
+                       ~~~~~~~~~~~~~~~~~~~~~~~~~~~~~~~~~~~~~~~
    + CategoryInfo          : NotSpecified: ([2026-01-27T04:...tor starting...:String) [], RemoteException
    + FullyQualifiedErrorId : NativeCommandError
 
[2026-01-27T04:21:39Z INFO  wgpu_hal::vulkan::instance] Debug utils not enabled: debug_utils_user_data not passed to 
Instance::from_raw
[2026-01-27T04:21:39Z INFO  wgpu_core::instance] Adapter Vulkan AdapterInfo { name: "AMD Radeon(TM) RX Vega 11 Graphics", vendor: 
4098, device: 5597, device_type: IntegratedGpu, driver: "AMD proprietary driver", driver_info: "19.12.2", backend: Vulkan }
[2026-01-27T04:21:39Z INFO  evolution_sim::app] Using GPU: AMD Radeon(TM) RX Vega 11 Graphics
[2026-01-27T04:21:39Z INFO  evolution_sim::simulation::world] Created world 512x512 with 30 food patches
[2026-01-27T04:21:39Z INFO  evolution_sim::simulation] Spawned 500 initial organisms
[2026-01-27T04:21:39Z INFO  evolution_sim::simulation::world] Created world 512x512 with 30 food patches
[2026-01-27T04:21:39Z INFO  evolution_sim::simulation] Spawned 500 initial organisms
[2026-01-27T04:21:39Z WARN  egui_wgpu::renderer] Detected a linear (sRGBA aware) framebuffer Bgra8UnormSrgb. egui prefers Rgba8Unorm 
or Bgra8Unorm
[2026-01-27T04:21:39Z INFO  naga::back::spv::writer] Skip function Some("position_from_screen")
[2026-01-27T04:21:39Z INFO  evolution_sim::app] Initialized with 500 organisms in 512x512 world
[2026-01-27T04:21:39Z INFO  evolution_sim] Application initialized
[2026-01-27T04:21:39Z INFO  evolution_sim::compute::pipeline] Tick 0: readbacks=0, pop=500, avg_energy=100.0
[2026-01-27T04:21:39Z INFO  evolution_sim::compute::pipeline] Readback #1 at tick 1: pop 500 -> 500, avg_energy: 100.8
[2026-01-27T04:21:40Z INFO  evolution_sim::compute::pipeline] Readback #2 at tick 6: pop 500 -> 500, avg_energy: 116.7
[2026-01-27T04:21:40Z INFO  evolution_sim::compute::pipeline] Readback #3 at tick 11: pop 500 -> 500, avg_energy: 129.7
[2026-01-27T04:21:48Z INFO  evolution_sim::compute::pipeline] Tick 300: readbacks=60, pop=500, avg_energy=150.0
[2026-01-27T04:21:57Z INFO  evolution_sim::compute::pipeline] Tick 600: readbacks=120, pop=500, avg_energy=150.0
[2026-01-27T04:21:58Z INFO  evolution_sim] Close requested, shutting down
